src/navigation/TabNavigator.tsx(5,31): error TS2307: Cannot find module '@expo/vector-icons' or its corresponding type declarations.
